

Trying out strings and Hashes

127.0.0.1:6379> SET pages:about "about us"
OK
127.0.0.1:6379> GET pages:about
"about us"
127.0.0.1:6379> HSET goku power 9001
(integer) 1
127.0.0.1:6379> HGET goku power
"9001"
127.0.0.1:6379> DEL goku power
(integer) 1
127.0.0.1:6379> HGET goku power
(nil)
127.0.0.1:6379> HSET goku power 9001
(integer) 1
127.0.0.1:6379> GET goku
(error) WRONGTYPE Operation against a key holding the wrong kind of value
127.0.0.1:6379> DEL pages:about
(integer) 1
127.0.0.1:6379> DEL goku power
(integer) 1
127.0.0.1:6379> SET rpgUserId0001 { name: 'Sanket', hp: '100', mp '100' }
Invalid argument(s)
127.0.0.1:6379> SET rpgUserId0001 { name: 'Sanket', hp: 100, mp 100 }
Invalid argument(s)
127.0.0.1:6379> SET rpgUserId0001 {name: 'Sanket', hp: 100, mp 100}
Invalid argument(s)
127.0.0.1:6379> SET rpgUserId {name: 'Sanket', hp: 100, mp 100}
Invalid argument(s)
127.0.0.1:6379> SET rpgUserId {name: 'Sanket', hp: 100, mp: 100}
Invalid argument(s)
127.0.0.1:6379> SET rpguserid {name: 'Sanket', hp: 100, mp: 100}
Invalid argument(s)
127.0.0.1:6379> SET users:goku {race: 'sayan', power: 9001}
Invalid argument(s)
127.0.0.1:6379> HSET rpgUserID name 'Sanket'
(integer) 1
127.0.0.1:6379> HSET rpgUserID hp 100
(integer) 1
127.0.0.1:6379> HSET rpgUserID mhp 50
(integer) 1
127.0.0.1:6379> DEL HSET rpgUserID mhp
(integer) 1
127.0.0.1:6379> HGET rpguserID mhp
(nil)
127.0.0.1:6379> HSET rpgUserID mp 50
(integer) 1
127.0.0.1:6379> FLUSHALL
OK
127.0.0.1:6379> exit


Trying out Sets


127.0.0.1:6379> SADD friends:leto ghanima
(integer) 1
127.0.0.1:6379> SADD friends:leto duncan
(integer) 1
127.0.0.1:6379> SADD friends:paul duncan
(integer) 1
127.0.0.1:6379> SADD friends:paul gurney
(integer) 1
127.0.0.1:6379> SINTER friends:leto friends:paul
1) "duncan"
127.0.0.1:6379> get friends:leto
(error) WRONGTYPE Operation against a key holding the wrong kind of value
127.0.0.1:6379> GET friends:leto
(error) WRONGTYPE Operation against a key holding the wrong kind of value
127.0.0.1:6379> SDIFF friends:leto friends:paul
1) "ghanima"
127.0.0.1:6379> SDIFF friends:paul friends:leto
1) "gurney"
127.0.0.1:6379> SUNION friends:leto friends:paul
1) "ghanima"
2) "gurney"
3) "duncan"
127.0.0.1:6379> SUNIONSTORE friends:all friends:leto friends:paul
(integer) 3
127.0.0.1:6379> SMEMBERS friends:all
1) "ghanima"
2) "gurney"
3) "duncan"
127.0.0.1:6379> SMEMBERS friends:leto
1) "ghanima"
2) "duncan"
127.0.0.1:6379> SMEMBERS friends:paul
1) "gurney"
2) "duncan"

Trying out Sorted Sets

127.0.0.1:6379> ZADD friends:leto 1000 ghanima
(error) WRONGTYPE Operation against a key holding the wrong kind of value
127.0.0.1:6379> FLUSHALL
OK
127.0.0.1:6379> ZADD friends:leto 1000 ghanima
(integer) 1
127.0.0.1:6379> ZADD friends:leto 994 duncan
(integer) 1
127.0.0.1:6379> ZADD friends:leto 2 farad'n
Invalid argument(s)
127.0.0.1:6379> ZADD friends:leto 2 faradn
(integer) 1
127.0.0.1:6379> ZRANGEBYSCORE friends:leto 500 1000 
1) "duncan"
2) "ghanima"
127.0.0.1:6379> ZRANGE friends:leto 0 -1 WITHSCORES
1) "faradn"
2) "2"
3) "duncan"
4) "994"
5) "ghanima"
6) "1000"
127.0.0.1:6379> ZINCRBY friends:leto 121 faradn
"123"
127.0.0.1:6379> ZRANGE friends:leto 0 4 WITHSCORES
1) "faradn"
2) "123"
3) "duncan"
4) "994"
5) "ghanima"
6) "1000"
127.0.0.1:6379> ZRANGE friends:leto 0 1 WITHSCORES
1) "faradn"
2) "123"
3) "duncan"
4) "994"
127.0.0.1:6379> ZSCORE friends:leto faradn
"123"




